[03:37:30] INFO     | 
[03:37:30] INFO     | ╔════════════════════════════════════════════════════╗
[03:37:30] INFO     | ║  PUBLICATION PUBLICATION AUTOMATION WORKFLOW v1.1        ║
[03:37:30] INFO     | ║  The Visceral Theory of Sight                      ║
[03:37:30] INFO     | ╚════════════════════════════════════════════════════╝
[03:37:30] INFO     | 
[03:37:30] INFO     | === PUBLICATION VALIDATION GATE ===
[03:37:30] INFO     | Loading manifest...
[03:37:30] OK       | Loaded 64 assets
[03:37:30] INFO     | Running validation checks...
[03:37:30] OK       | All checks passed (64 assets)
[03:37:30] INFO     | === GENERATING REPORTS ===
[03:37:30] INFO     | Generating QA gate report...
[03:37:30] OK       | QA Report: publication-qa-gate-report.json
[03:37:30] INFO     | Generating source register...
[03:37:30] OK       | Source Register: publication-source-register.md
[03:37:30] INFO     | Generating InDesign caption injection script...
[03:37:30] OK       | Caption Script: publication-caption-injection.jsx
[03:37:30] INFO     | === PUBLISHING EXPORT ===
[03:37:30] INFO     | Exporting manifest as CSV...
[03:37:30] OK       | Manifest CSV: publication-manifest-export.csv
[03:37:30] INFO     | Generating asset index...
[03:37:30] OK       | Asset Index: publication-asset-index.json
[03:37:30] INFO     | === WRITING DOCUMENTATION ===
[03:37:30] INFO     | Generating HTML contact sheet...
[03:37:30] OK       | Contact Sheet: publication-contact-sheet.html
[03:37:30] INFO     | === COMPREHENSIVE PREFLIGHT ===
[03:37:30] INFO     | Checking manifest completeness...
[03:37:30] OK       | Manifest: 0 issues
[03:37:30] INFO     | Generating preflight report...
[03:37:30] OK       | Preflight Report: publication-preflight-report.json
[03:37:30] INFO     | 
[03:37:30] OK       | ✓ Workflow completed in 0.0s
[03:37:30] INFO     | 
[03:37:30] INFO     | Next steps:
[03:37:30] INFO     |   1. Review publication-qa-gate-report.json
[03:37:30] INFO     |   2. Run automated tests
[03:37:30] INFO     |   3. Run HTML preflight on web proof
[03:37:30] INFO     |   4. Visual inspection in browser
[03:37:30] INFO     |   5. Open InDesign and run publication-indesign-bridge.jsx
[03:37:30] INFO     |   6. Run InDesign preflight
[03:37:30] INFO     |   7. Export PDF and inspect
[03:37:30] INFO     | 